#-----------------------------------------------------------
# Vivado v2017.2.1 (64-bit)
# SW Build 1957588 on Wed Aug  9 16:32:10 MDT 2017
# IP Build 1948039 on Wed Aug  9 18:19:28 MDT 2017
# Start of session at: Sat Sep 23 21:08:00 2017
# Process ID: 4489
# Current directory: /home/xinheng/Desktop/Xilinx_Answer_65444_Linux_Files/driver
# Command line: vivado
# Log file: /home/xinheng/Desktop/Xilinx_Answer_65444_Linux_Files/driver/vivado.log
# Journal file: /home/xinheng/Desktop/Xilinx_Answer_65444_Linux_Files/driver/vivado.jou
#-----------------------------------------------------------
start_gui
open_project /home/xinheng/project_1/project_1.xpr
open_bd_design {/home/xinheng/project_1/project_1.srcs/sources_1/bd/design_1/design_1.bd}
update_compile_order -fileset sources_1
open_hw
connect_hw_server
open_hw_target
set_property PROGRAM.FILE {/home/xinheng/project_1/project_1.runs/impl_1/design_1_wrapper.bit} [get_hw_devices xcvu9p_0]
set_property PROBES.FILE {/home/xinheng/project_1/project_1.runs/impl_1/design_1_wrapper.ltx} [get_hw_devices xcvu9p_0]
set_property FULL_PROBES.FILE {/home/xinheng/project_1/project_1.runs/impl_1/design_1_wrapper.ltx} [get_hw_devices xcvu9p_0]
current_hw_device [get_hw_devices xcvu9p_0]
refresh_hw_device [lindex [get_hw_devices xcvu9p_0] 0]
